Pocty pruhu:
Trasy:
Vozidel: 1600
Vozidel: 6375583005474611648
Vozidel: 119152295280453
Vozidel: 4108699837257
Vozidel: 4108699837257
Vozidel: 138097510230045027
Vozidel: 4761983111380863
Vozidel: 2263893610328607
